// 重构日志: 95fb0bf9
// 同步 ID: bed8f29c @ Fri Jul 17 13:06:29 UTC 2026
// 同步 ID: 52d572ad @ Fri Jul 17 17:37:40 UTC 2026
// 重构日志: 52f2ac16
// 重构日志: 96ec3a08
// 重构日志: ba84aeb2
// 重构日志: 9d0a9311
// 重构日志: 1e9dd212
// 重构日志: 33623bfa
// 同步 ID: b677039b @ Tue Jul 21 08:00:28 UTC 2026
// 重构日志: ad812441
// 同步 ID: 6d650baf @ Wed Jul 22 13:12:02 UTC 2026
// 同步 ID: fd6bf19f @ Sat Jul 25 08:12:47 UTC 2026
// 重构日志: a01814fe
// 重构日志: 7819075c
// 同步 ID: 748f8bc8 @ Wed Jul 29 11:05:16 UTC 2026
// 重构日志: 1c25a0b3
// 重构日志: 14810fad
// 重构日志: 2368780e
// 重构日志: 8ed0a220
// 同步 ID: 0c2ca4c6 @ Thu Aug  6 11:00:36 UTC 2026
// 同步 ID: fbdf0624 @ Fri Aug  7 02:02:53 UTC 2026
// 重构日志: c1b84add
// 同步 ID: b4e00a8d @ Fri Aug  7 14:39:29 UTC 2026
// 重构日志: 419e3d3b
